pygame 2.5.2 (SDL 2.28.3, Python 3.8.10)
Hello from the pygame community. https://www.pygame.org/contribute.html
   0  1  2  3  4  5  6  7  8  9
  +--+--+--+--+--+--+--+--+--+--+
9 |  |  |  |  |  |  |  |  |  |  |
  +--+--+--+--+--+--+--+--+--+--+
8 |  |  |  |  |  |  |  |  |  |  |
  +--+--+--+--+--+--+--+--+--+--+
7 |  |  |  |  |  |  |  |  |  |  |
  +--+--+--+--+--+--+--+--+--+--+
6 |  |  |  |  |  |  | A|  |  |  |
  +--+--+--+--+--+--+--+--+--+--+
5 |  |  |  |  |  |  |  |  |  |  |
  +--+--+--+--+--+--+--+--+--+--+
4 |  |  |  |  |  |  |  |  |  |  |
  +--+--+--+--+--+--+--+--+--+--+
3 |  |  |  | a|  |  |  |  |  |  |
  +--+--+--+--+--+--+--+--+--+--+
2 |  |  |  |  |  |  |  |  |  |  |
  +--+--+--+--+--+--+--+--+--+--+
1 |  |  |  |  |  |  |  |  |  |  |
  +--+--+--+--+--+--+--+--+--+--+
0 |  |  |  |  |  |  |  |  |  |  |
  +--+--+--+--+--+--+--+--+--+--+
   0  1  2  3  4  5  6  7  8  9
  +--+--+--+--+--+--+--+--+--+--+
9 |  |  |  |  |  |  |  |  |  |  |
  +--+--+--+--+--+--+--+--+--+--+
8 |  |  |  |  |  |  |  |  |  |  |
  +--+--+--+--+--+--+--+--+--+--+
7 |  |  |  |  |  |  |  |  |  |  |
  +--+--+--+--+--+--+--+--+--+--+
6 |  |  |  |  |  |  | A|  |  |  |
  +--+--+--+--+--+--+--+--+--+--+
5 |  |  |  |  |  |  |  |  |  |  |
  +--+--+--+--+--+--+--+--+--+--+
4 |  |  |  |  |  |  |  |  |  |  |
  +--+--+--+--+--+--+--+--+--+--+
3 |  |  |  |  |  |  |  |  |  |  |
  +--+--+--+--+--+--+--+--+--+--+
2 |  |  |  | a|  |  |  |  |  |  |
  +--+--+--+--+--+--+--+--+--+--+
1 |  |  |  |  |  |  |  |  |  |  |
  +--+--+--+--+--+--+--+--+--+--+
0 |  |  |  |  |  |  |  |  |  |  |
  +--+--+--+--+--+--+--+--+--+--+
   0  1  2  3  4  5  6  7  8  9
  +--+--+--+--+--+--+--+--+--+--+
9 |  |  |  |  |  |  |  |  |  |  |
  +--+--+--+--+--+--+--+--+--+--+
8 |  |  |  |  |  |  |  |  |  |  |
  +--+--+--+--+--+--+--+--+--+--+
7 |  |  |  |  |  |  |  |  |  |  |
  +--+--+--+--+--+--+--+--+--+--+
6 |  |  |  |  |  |  | A|  |  |  |
  +--+--+--+--+--+--+--+--+--+--+
5 |  |  |  |  |  |  |  |  |  |  |
  +--+--+--+--+--+--+--+--+--+--+
4 |  |  |  |  |  |  |  |  |  |  |
  +--+--+--+--+--+--+--+--+--+--+
3 |  |  |  |  |  |  |  |  |  |  |
  +--+--+--+--+--+--+--+--+--+--+
2 |  |  |  |  |  |  |  |  |  |  |
  +--+--+--+--+--+--+--+--+--+--+
1 |  |  |  | a|  |  |  |  |  |  |
  +--+--+--+--+--+--+--+--+--+--+
0 |  |  |  |  |  |  |  |  |  |  |
  +--+--+--+--+--+--+--+--+--+--+
   0  1  2  3  4  5  6  7  8  9
  +--+--+--+--+--+--+--+--+--+--+
9 |  |  |  |  |  |  |  |  |  |  |
  +--+--+--+--+--+--+--+--+--+--+
8 |  |  |  |  |  |  |  |  |  |  |
  +--+--+--+--+--+--+--+--+--+--+
7 |  |  |  |  |  |  | A|  |  |  |
  +--+--+--+--+--+--+--+--+--+--+
6 |  |  |  |  |  |  |  |  |  |  |
  +--+--+--+--+--+--+--+--+--+--+
5 |  |  |  |  |  |  |  |  |  |  |
  +--+--+--+--+--+--+--+--+--+--+
4 |  |  |  |  |  |  |  |  |  |  |
  +--+--+--+--+--+--+--+--+--+--+
3 |  |  |  |  |  |  |  |  |  |  |
  +--+--+--+--+--+--+--+--+--+--+
2 |  |  |  |  |  |  |  |  |  |  |
  +--+--+--+--+--+--+--+--+--+--+
1 |  |  |  | a|  |  |  |  |  |  |
  +--+--+--+--+--+--+--+--+--+--+
0 |  |  |  |  |  |  |  |  |  |  |
  +--+--+--+--+--+--+--+--+--+--+
   0  1  2  3  4  5  6  7  8  9
  +--+--+--+--+--+--+--+--+--+--+
9 |  |  |  |  |  |  |  |  |  |  |
  +--+--+--+--+--+--+--+--+--+--+
8 |  |  |  |  |  |  | A|  |  |  |
  +--+--+--+--+--+--+--+--+--+--+
7 |  |  |  |  |  |  |  |  |  |  |
  +--+--+--+--+--+--+--+--+--+--+
6 |  |  |  |  |  |  |  |  |  |  |
  +--+--+--+--+--+--+--+--+--+--+
5 |  |  |  |  |  |  |  |  |  |  |
  +--+--+--+--+--+--+--+--+--+--+
4 |  |  |  |  |  |  |  |  |  |  |
  +--+--+--+--+--+--+--+--+--+--+
3 |  |  |  |  |  |  |  |  |  |  |
  +--+--+--+--+--+--+--+--+--+--+
2 |  |  |  |  |  |  |  |  |  |  |
  +--+--+--+--+--+--+--+--+--+--+
1 |  |  |  | a|  |  |  |  |  |  |
  +--+--+--+--+--+--+--+--+--+--+
0 |  |  |  |  |  |  |  |  |  |  |
  +--+--+--+--+--+--+--+--+--+--+
   0  1  2  3  4  5  6  7  8  9
  +--+--+--+--+--+--+--+--+--+--+
9 |  |  |  |  |  |  |  |  |  |  |
  +--+--+--+--+--+--+--+--+--+--+
8 |  |  |  |  |  |  | A|  |  |  |
  +--+--+--+--+--+--+--+--+--+--+
7 |  |  |  |  |  |  |  |  |  |  |
  +--+--+--+--+--+--+--+--+--+--+
6 |  |  |  |  |  |  |  |  |  |  |
  +--+--+--+--+--+--+--+--+--+--+
5 |  |  |  |  |  |  |  |  |  |  |
  +--+--+--+--+--+--+--+--+--+--+
4 |  |  |  |  |  |  |  |  |  |  |
  +--+--+--+--+--+--+--+--+--+--+
3 |  |  |  |  |  |  |  |  |  |  |
  +--+--+--+--+--+--+--+--+--+--+
2 |  |  |  |  |  |  |  |  |  |  |
  +--+--+--+--+--+--+--+--+--+--+
1 |  |  |  |  |  |  |  |  |  |  |
  +--+--+--+--+--+--+--+--+--+--+
0 |  |  |  | a|  |  |  |  |  |  |
  +--+--+--+--+--+--+--+--+--+--+
   0  1  2  3  4  5  6  7  8  9
  +--+--+--+--+--+--+--+--+--+--+
9 |  |  |  |  |  |  |  |  |  |  |
  +--+--+--+--+--+--+--+--+--+--+
8 |  |  |  |  |  |  | A|  |  |  |
  +--+--+--+--+--+--+--+--+--+--+
7 |  |  |  |  |  |  |  |  |  |  |
  +--+--+--+--+--+--+--+--+--+--+
6 |  |  |  |  |  |  |  |  |  |  |
  +--+--+--+--+--+--+--+--+--+--+
5 |  |  |  |  |  |  |  |  |  |  |
  +--+--+--+--+--+--+--+--+--+--+
4 |  |  |  |  |  |  |  |  |  |  |
  +--+--+--+--+--+--+--+--+--+--+
3 |  |  |  |  |  |  |  |  |  |  |
  +--+--+--+--+--+--+--+--+--+--+
2 |  |  |  |  |  |  |  |  |  |  |
  +--+--+--+--+--+--+--+--+--+--+
1 |  |  |  |  |  |  |  |  |  |  |
  +--+--+--+--+--+--+--+--+--+--+
0 |  |  |  |  | a|  |  |  |  |  |
  +--+--+--+--+--+--+--+--+--+--+
   0  1  2  3  4  5  6  7  8  9
  +--+--+--+--+--+--+--+--+--+--+
9 |  |  |  |  |  |  | A|  |  |  |
  +--+--+--+--+--+--+--+--+--+--+
8 |  |  |  |  |  |  |  |  |  |  |
  +--+--+--+--+--+--+--+--+--+--+
7 |  |  |  |  |  |  |  |  |  |  |
  +--+--+--+--+--+--+--+--+--+--+
6 |  |  |  |  |  |  |  |  |  |  |
  +--+--+--+--+--+--+--+--+--+--+
5 |  |  |  |  |  |  |  |  |  |  |
  +--+--+--+--+--+--+--+--+--+--+
4 |  |  |  |  |  |  |  |  |  |  |
  +--+--+--+--+--+--+--+--+--+--+
3 |  |  |  |  |  |  |  |  |  |  |
  +--+--+--+--+--+--+--+--+--+--+
2 |  |  |  |  |  |  |  |  |  |  |
  +--+--+--+--+--+--+--+--+--+--+
1 |  |  |  |  |  |  |  |  |  |  |
  +--+--+--+--+--+--+--+--+--+--+
0 |  |  |  |  | a|  |  |  |  |  |
  +--+--+--+--+--+--+--+--+--+--+
ERROR: Cannot move beyond the board
