pygame 2.5.2 (SDL 2.28.3, Python 3.8.10)
Hello from the pygame community. https://www.pygame.org/contribute.html
   0  1  2  3  4  5  6  7  8  9
  +--+--+--+--+--+--+--+--+--+--+
9 |  |  |  | s|  |  |  |  |  |  |
  +--+--+--+--+--+--+--+--+--+--+
8 |  |  |  |  |  |  |  |  |  |  |
  +--+--+--+--+--+--+--+--+--+--+
7 |  |  |  |  |  |  |  |  |  |  |
  +--+--+--+--+--+--+--+--+--+--+
6 |  |  |  |  |  |  |  |  |  |  |
  +--+--+--+--+--+--+--+--+--+--+
5 |  |  |  | c|  | C|  |  |  |  |
  +--+--+--+--+--+--+--+--+--+--+
4 |  |  |  | c|  | C|  |  |  |  |
  +--+--+--+--+--+--+--+--+--+--+
3 |  |  |  |  |  |  |  |  |  |  |
  +--+--+--+--+--+--+--+--+--+--+
2 |  |  |  |  |  |  |  |  |  |  |
  +--+--+--+--+--+--+--+--+--+--+
1 |  |  |  |  |  |  |  |  |  |  |
  +--+--+--+--+--+--+--+--+--+--+
0 |  |  |  | s|  |  |  |  |  |  |
  +--+--+--+--+--+--+--+--+--+--+
   0  1  2  3  4  5  6  7  8  9
  +--+--+--+--+--+--+--+--+--+--+
9 |  |  |  | s|  |  |  |  |  |  |
  +--+--+--+--+--+--+--+--+--+--+
8 |  |  |  |  |  |  |  |  |  |  |
  +--+--+--+--+--+--+--+--+--+--+
7 |  |  |  |  |  |  |  |  |  |  |
  +--+--+--+--+--+--+--+--+--+--+
6 |  |  |  |  |  |  |  |  |  |  |
  +--+--+--+--+--+--+--+--+--+--+
5 |  |  |  | c|  | C|  |  |  |  |
  +--+--+--+--+--+--+--+--+--+--+
4 |  |  |  |  |  | C|  |  |  |  |
  +--+--+--+--+--+--+--+--+--+--+
3 |  |  |  |13|  |  |  |  |  |  |
  +--+--+--+--+--+--+--+--+--+--+
2 |  |  |  |13|  |  |  |  |  |  |
  +--+--+--+--+--+--+--+--+--+--+
1 |  |  |  | c|  |  |  |  |  |  |
  +--+--+--+--+--+--+--+--+--+--+
0 |  |  |  | s|  |  |  |  |  |  |
  +--+--+--+--+--+--+--+--+--+--+
   0  1  2  3  4  5  6  7  8  9
  +--+--+--+--+--+--+--+--+--+--+
9 |  |  |  | s|  |  |  |  |  |  |
  +--+--+--+--+--+--+--+--+--+--+
8 |  |  |  |  |  |  |  |  |  |  |
  +--+--+--+--+--+--+--+--+--+--+
7 |  |  |  |  |  |  |  |  |  |  |
  +--+--+--+--+--+--+--+--+--+--+
6 |  |  |  |  |  |  |  |  |  |  |
  +--+--+--+--+--+--+--+--+--+--+
5 |  |  |  | c|  | C|  |  |  |  |
  +--+--+--+--+--+--+--+--+--+--+
4 |  |  |  |  |  | C|  |  |  |  |
  +--+--+--+--+--+--+--+--+--+--+
3 |  |  |  |  |  |  |  |  |  |  |
  +--+--+--+--+--+--+--+--+--+--+
2 |  |  |  |  |  |  |  |  |  |  |
  +--+--+--+--+--+--+--+--+--+--+
1 |  |  |  |  |  |  |  |  |  |  |
  +--+--+--+--+--+--+--+--+--+--+
0 |  |  |  | s|  |  |  |  |  |  |
  +--+--+--+--+--+--+--+--+--+--+
   0  1  2  3  4  5  6  7  8  9
  +--+--+--+--+--+--+--+--+--+--+
9 |  |  |  | s|  |  |  |  |  |  |
  +--+--+--+--+--+--+--+--+--+--+
8 |  |  |  |  |  |  |  |  |  |  |
  +--+--+--+--+--+--+--+--+--+--+
7 |  |  |  |  |  |  |  |  |  |  |
  +--+--+--+--+--+--+--+--+--+--+
6 |  |  |  |  |  |  |  |  |  |  |
  +--+--+--+--+--+--+--+--+--+--+
5 |  |  |  | c|  | C|  |  |  |  |
  +--+--+--+--+--+--+--+--+--+--+
4 |  |  |  |  |  |  | C|46|46|  |
  +--+--+--+--+--+--+--+--+--+--+
3 |  |  |  |  |  |  |  |  |  |  |
  +--+--+--+--+--+--+--+--+--+--+
2 |  |  |  |  |  |  |  |  |  |  |
  +--+--+--+--+--+--+--+--+--+--+
1 |  |  |  |  |  |  |  |  |  |  |
  +--+--+--+--+--+--+--+--+--+--+
0 |  |  |  | s|  |  |  |  |  |  |
  +--+--+--+--+--+--+--+--+--+--+
   0  1  2  3  4  5  6  7  8  9
  +--+--+--+--+--+--+--+--+--+--+
9 |  |  |  | s|  |  |  |  |  |  |
  +--+--+--+--+--+--+--+--+--+--+
8 |  |  |  |  |  |  |  |  |  |  |
  +--+--+--+--+--+--+--+--+--+--+
7 |  |  |  |  |  |  |  |  |  |  |
  +--+--+--+--+--+--+--+--+--+--+
6 |  |  |  |  |  |  |  |  |  |  |
  +--+--+--+--+--+--+--+--+--+--+
5 |  |  |  | c|  | C|  |  |  |  |
  +--+--+--+--+--+--+--+--+--+--+
4 |  |  |  |  |  |  |  |  |  | C|
  +--+--+--+--+--+--+--+--+--+--+
3 |  |  |  |  |  |  |  |  |  |  |
  +--+--+--+--+--+--+--+--+--+--+
2 |  |  |  |  |  |  |  |  |  |  |
  +--+--+--+--+--+--+--+--+--+--+
1 |  |  |  |  |  |  |  |  |  |  |
  +--+--+--+--+--+--+--+--+--+--+
0 |  |  |  | s|  |  |  |  |  |  |
  +--+--+--+--+--+--+--+--+--+--+
   0  1  2  3  4  5  6  7  8  9
  +--+--+--+--+--+--+--+--+--+--+
9 |  |  |  | s|  |  |  |  |  |  |
  +--+--+--+--+--+--+--+--+--+--+
8 |  |  |  |63|  |  |  |  |  |  |
  +--+--+--+--+--+--+--+--+--+--+
7 |  |  |  |63|  |  |  |  |  |  |
  +--+--+--+--+--+--+--+--+--+--+
6 |  |  |  | c|  |  |  |  |  |  |
  +--+--+--+--+--+--+--+--+--+--+
5 |  |  |  |  |  | C|  |  |  |  |
  +--+--+--+--+--+--+--+--+--+--+
4 |  |  |  |  |  |  |  |  |  | C|
  +--+--+--+--+--+--+--+--+--+--+
3 |  |  |  |  |  |  |  |  |  |  |
  +--+--+--+--+--+--+--+--+--+--+
2 |  |  |  |  |  |  |  |  |  |  |
  +--+--+--+--+--+--+--+--+--+--+
1 |  |  |  |  |  |  |  |  |  |  |
  +--+--+--+--+--+--+--+--+--+--+
0 |  |  |  | s|  |  |  |  |  |  |
  +--+--+--+--+--+--+--+--+--+--+
   0  1  2  3  4  5  6  7  8  9
  +--+--+--+--+--+--+--+--+--+--+
9 |  |  |  | s|  |  |  |  |  |  |
  +--+--+--+--+--+--+--+--+--+--+
8 |  |  |  |  |  |  |  |  |  |  |
  +--+--+--+--+--+--+--+--+--+--+
7 |  |  |  |  |  |  |  |  |  |  |
  +--+--+--+--+--+--+--+--+--+--+
6 |  |  |  |  |  |  |  |  |  |  |
  +--+--+--+--+--+--+--+--+--+--+
5 |  |  |  |  |  | C|  |  |  |  |
  +--+--+--+--+--+--+--+--+--+--+
4 |  |  |  |  |  |  |  |  |  | C|
  +--+--+--+--+--+--+--+--+--+--+
3 |  |  |  |  |  |  |  |  |  |  |
  +--+--+--+--+--+--+--+--+--+--+
2 |  |  |  |  |  |  |  |  |  |  |
  +--+--+--+--+--+--+--+--+--+--+
1 |  |  |  |  |  |  |  |  |  |  |
  +--+--+--+--+--+--+--+--+--+--+
0 |  |  |  | s|  |  |  |  |  |  |
  +--+--+--+--+--+--+--+--+--+--+
Light wins!
