pygame 2.5.2 (SDL 2.28.3, Python 3.8.10)
Hello from the pygame community. https://www.pygame.org/contribute.html
   0  1  2  3  4  5  6  7  8  9
  +--+--+--+--+--+--+--+--+--+--+
9 |  |  |  |  |  |  |  |  |  |  |
  +--+--+--+--+--+--+--+--+--+--+
8 |  |  |  |  |  |  |  |  |  |  |
  +--+--+--+--+--+--+--+--+--+--+
7 |  |  |  |  |  |  |  |  |  |  |
  +--+--+--+--+--+--+--+--+--+--+
6 |  |  |  |  |  |  | c|  |  |  |
  +--+--+--+--+--+--+--+--+--+--+
5 |  |  |  |  |  | b| B|  |  |  |
  +--+--+--+--+--+--+--+--+--+--+
4 |  |  |  |  |  |  | c|  |  |  |
  +--+--+--+--+--+--+--+--+--+--+
3 |  |  |  |  |  |  |  |  |  |  |
  +--+--+--+--+--+--+--+--+--+--+
2 |  |  |  |  |  |  |  |  |  |  |
  +--+--+--+--+--+--+--+--+--+--+
1 |  |  |  |  |  |  |  |  |  |  |
  +--+--+--+--+--+--+--+--+--+--+
0 |  |  |  |  |  |  |  |  |  |  |
  +--+--+--+--+--+--+--+--+--+--+
   0  1  2  3  4  5  6  7  8  9
  +--+--+--+--+--+--+--+--+--+--+
9 |  |  |  |  |  |  |  |  |  |  |
  +--+--+--+--+--+--+--+--+--+--+
8 |  |  |  |  |  |  |  |  |  |  |
  +--+--+--+--+--+--+--+--+--+--+
7 |  |  |  |  |  |  |  |  |  |  |
  +--+--+--+--+--+--+--+--+--+--+
6 |  |  |  |  |  |  |  | c|67|67|
  +--+--+--+--+--+--+--+--+--+--+
5 |  |  |  |  |  | b| B|  |  |  |
  +--+--+--+--+--+--+--+--+--+--+
4 |  |  |  |  |  |  | c|  |  |  |
  +--+--+--+--+--+--+--+--+--+--+
3 |  |  |  |  |  |  |  |  |  |  |
  +--+--+--+--+--+--+--+--+--+--+
2 |  |  |  |  |  |  |  |  |  |  |
  +--+--+--+--+--+--+--+--+--+--+
1 |  |  |  |  |  |  |  |  |  |  |
  +--+--+--+--+--+--+--+--+--+--+
0 |  |  |  |  |  |  |  |  |  |  |
  +--+--+--+--+--+--+--+--+--+--+
   0  1  2  3  4  5  6  7  8  9
  +--+--+--+--+--+--+--+--+--+--+
9 |  |  |  |  |  |  |  |  |  |  |
  +--+--+--+--+--+--+--+--+--+--+
8 |  |  |  |  |  |  |  |  |  |  |
  +--+--+--+--+--+--+--+--+--+--+
7 |  |  |  |  |  |  |  |  |  |  |
  +--+--+--+--+--+--+--+--+--+--+
6 |  |  |  |  |  |  |  | c|67|67|
  +--+--+--+--+--+--+--+--+--+--+
5 |  |  |  |  |  | b| B|  |  |  |
  +--+--+--+--+--+--+--+--+--+--+
4 |  |  |  |  |  |  |  | c|47|47|
  +--+--+--+--+--+--+--+--+--+--+
3 |  |  |  |  |  |  |  |  |  |  |
  +--+--+--+--+--+--+--+--+--+--+
2 |  |  |  |  |  |  |  |  |  |  |
  +--+--+--+--+--+--+--+--+--+--+
1 |  |  |  |  |  |  |  |  |  |  |
  +--+--+--+--+--+--+--+--+--+--+
0 |  |  |  |  |  |  |  |  |  |  |
  +--+--+--+--+--+--+--+--+--+--+
   0  1  2  3  4  5  6  7  8  9
  +--+--+--+--+--+--+--+--+--+--+
9 |  |  |  |  |  |  |  |  |  |  |
  +--+--+--+--+--+--+--+--+--+--+
8 |  |  |  |  |  |  |  |  |  |  |
  +--+--+--+--+--+--+--+--+--+--+
7 |  |  |  |  |  |  |  |  |  |  |
  +--+--+--+--+--+--+--+--+--+--+
6 |  |  |  |  |  |  |  | c|67|67|
  +--+--+--+--+--+--+--+--+--+--+
5 |  |  |  |  |  | b|  | B|57|  |
  +--+--+--+--+--+--+--+--+--+--+
4 |  |  |  |  |  |  |  | c|47|47|
  +--+--+--+--+--+--+--+--+--+--+
3 |  |  |  |  |  |  |  |  |  |  |
  +--+--+--+--+--+--+--+--+--+--+
2 |  |  |  |  |  |  |  |  |  |  |
  +--+--+--+--+--+--+--+--+--+--+
1 |  |  |  |  |  |  |  |  |  |  |
  +--+--+--+--+--+--+--+--+--+--+
0 |  |  |  |  |  |  |  |  |  |  |
  +--+--+--+--+--+--+--+--+--+--+
   0  1  2  3  4  5  6  7  8  9
  +--+--+--+--+--+--+--+--+--+--+
9 |  |  |  |  |  |  |  |  |  |  |
  +--+--+--+--+--+--+--+--+--+--+
8 |  |  |  |  |  |  |  |  |  |  |
  +--+--+--+--+--+--+--+--+--+--+
7 |  |  |  |  |  |  |  |  |  |  |
  +--+--+--+--+--+--+--+--+--+--+
6 |  |  |  |  |  |  |  | c|67|67|
  +--+--+--+--+--+--+--+--+--+--+
5 |  |  |  |  |  | b|  |  |  | B|
  +--+--+--+--+--+--+--+--+--+--+
4 |  |  |  |  |  |  |  | c|47|47|
  +--+--+--+--+--+--+--+--+--+--+
3 |  |  |  |  |  |  |  |  |  |  |
  +--+--+--+--+--+--+--+--+--+--+
2 |  |  |  |  |  |  |  |  |  |  |
  +--+--+--+--+--+--+--+--+--+--+
1 |  |  |  |  |  |  |  |  |  |  |
  +--+--+--+--+--+--+--+--+--+--+
0 |  |  |  |  |  |  |  |  |  |  |
  +--+--+--+--+--+--+--+--+--+--+
   0  1  2  3  4  5  6  7  8  9
  +--+--+--+--+--+--+--+--+--+--+
9 |  |  |  |  |  |  |  |  |  |  |
  +--+--+--+--+--+--+--+--+--+--+
8 |  |  |  |  |  |  |  |  |  |  |
  +--+--+--+--+--+--+--+--+--+--+
7 |  |  |  |  |  |  |  |  |  |  |
  +--+--+--+--+--+--+--+--+--+--+
6 |  |  |  |  |  |  |  | c|67|67|
  +--+--+--+--+--+--+--+--+--+--+
5 |  |  |  |  |  |  | b|56|  | B|
  +--+--+--+--+--+--+--+--+--+--+
4 |  |  |  |  |  |  |  | c|47|47|
  +--+--+--+--+--+--+--+--+--+--+
3 |  |  |  |  |  |  |  |  |  |  |
  +--+--+--+--+--+--+--+--+--+--+
2 |  |  |  |  |  |  |  |  |  |  |
  +--+--+--+--+--+--+--+--+--+--+
1 |  |  |  |  |  |  |  |  |  |  |
  +--+--+--+--+--+--+--+--+--+--+
0 |  |  |  |  |  |  |  |  |  |  |
  +--+--+--+--+--+--+--+--+--+--+
   0  1  2  3  4  5  6  7  8  9
  +--+--+--+--+--+--+--+--+--+--+
9 |  |  |  |  |  |  |  |  |  |  |
  +--+--+--+--+--+--+--+--+--+--+
8 |  |  |  |  |  |  |  |  |  |  |
  +--+--+--+--+--+--+--+--+--+--+
7 |  |  |  |  |  |  |  |  |  |  |
  +--+--+--+--+--+--+--+--+--+--+
6 |  |  |  |  |  |  |  | c|67|67|
  +--+--+--+--+--+--+--+--+--+--+
5 |  |  |  |  |  |  |  |  | b| B|
  +--+--+--+--+--+--+--+--+--+--+
4 |  |  |  |  |  |  |  | c|47|47|
  +--+--+--+--+--+--+--+--+--+--+
3 |  |  |  |  |  |  |  |  |  |  |
  +--+--+--+--+--+--+--+--+--+--+
2 |  |  |  |  |  |  |  |  |  |  |
  +--+--+--+--+--+--+--+--+--+--+
1 |  |  |  |  |  |  |  |  |  |  |
  +--+--+--+--+--+--+--+--+--+--+
0 |  |  |  |  |  |  |  |  |  |  |
  +--+--+--+--+--+--+--+--+--+--+
Dark loses
