pygame 2.5.2 (SDL 2.28.3, Python 3.8.10)
Hello from the pygame community. https://www.pygame.org/contribute.html
   0  1  2  3  4  5  6  7  8  9
  +--+--+--+--+--+--+--+--+--+--+
9 |  |  |  |  |  |  |  |  |  |  |
  +--+--+--+--+--+--+--+--+--+--+
8 |  |  |  |  |  |  |  |  |  |  |
  +--+--+--+--+--+--+--+--+--+--+
7 |  |  |  |  |  |  |  |  |  |  |
  +--+--+--+--+--+--+--+--+--+--+
6 |  |  |  |  |  |  |  |  |  |  |
  +--+--+--+--+--+--+--+--+--+--+
5 |  |  |  |  |  | a|  |  |  |  |
  +--+--+--+--+--+--+--+--+--+--+
4 |  |  |  | A|  |  |  |  |  |  |
  +--+--+--+--+--+--+--+--+--+--+
3 |  |  |  |  | A|  |  |  |  |  |
  +--+--+--+--+--+--+--+--+--+--+
2 |  |  |  |  |  |  |  |  |  |  |
  +--+--+--+--+--+--+--+--+--+--+
1 |  |  |  |  |  |  |  |  |  |  |
  +--+--+--+--+--+--+--+--+--+--+
0 |  |  |  |  |  |  |  |  |  |  |
  +--+--+--+--+--+--+--+--+--+--+
   0  1  2  3  4  5  6  7  8  9
  +--+--+--+--+--+--+--+--+--+--+
9 |  |  |  |  |  |  |  |  |  |  |
  +--+--+--+--+--+--+--+--+--+--+
8 |  |  |  |  |  |  |  |  |  |  |
  +--+--+--+--+--+--+--+--+--+--+
7 |  |  |  |  |  |  |  |  |  |  |
  +--+--+--+--+--+--+--+--+--+--+
6 |  |  |  |  |  |  |  |  |  |  |
  +--+--+--+--+--+--+--+--+--+--+
5 |  |  |  |  |  |  | a|  |  |  |
  +--+--+--+--+--+--+--+--+--+--+
4 |  |  |  | A|  |  |  |  |  |  |
  +--+--+--+--+--+--+--+--+--+--+
3 |  |  |  |  | A|  |  |  |  |  |
  +--+--+--+--+--+--+--+--+--+--+
2 |  |  |  |  |  |  |  |  |  |  |
  +--+--+--+--+--+--+--+--+--+--+
1 |  |  |  |  |  |  |  |  |  |  |
  +--+--+--+--+--+--+--+--+--+--+
0 |  |  |  |  |  |  |  |  |  |  |
  +--+--+--+--+--+--+--+--+--+--+
   0  1  2  3  4  5  6  7  8  9
  +--+--+--+--+--+--+--+--+--+--+
9 |  |  |  |  |  |  |  |  |  |  |
  +--+--+--+--+--+--+--+--+--+--+
8 |  |  |  |  |  |  |  |  |  |  |
  +--+--+--+--+--+--+--+--+--+--+
7 |  |  |  |  |  |  |  |  |  |  |
  +--+--+--+--+--+--+--+--+--+--+
6 |  |  |  |  |  |  |  |  |  |  |
  +--+--+--+--+--+--+--+--+--+--+
5 |  |  |  |  |  |  |  |  |  |  |
  +--+--+--+--+--+--+--+--+--+--+
4 |  |  |  | A|  |  | a|  |  |  |
  +--+--+--+--+--+--+--+--+--+--+
3 |  |  |  |  | A|  |  |  |  |  |
  +--+--+--+--+--+--+--+--+--+--+
2 |  |  |  |  |  |  |  |  |  |  |
  +--+--+--+--+--+--+--+--+--+--+
1 |  |  |  |  |  |  |  |  |  |  |
  +--+--+--+--+--+--+--+--+--+--+
0 |  |  |  |  |  |  |  |  |  |  |
  +--+--+--+--+--+--+--+--+--+--+
   0  1  2  3  4  5  6  7  8  9
  +--+--+--+--+--+--+--+--+--+--+
9 |  |  |  |  |  |  |  |  |  |  |
  +--+--+--+--+--+--+--+--+--+--+
8 |  |  |  |  |  |  |  |  |  |  |
  +--+--+--+--+--+--+--+--+--+--+
7 |  |  |  |  |  |  |  |  |  |  |
  +--+--+--+--+--+--+--+--+--+--+
6 |  |  |  |  |  |  |  |  |  |  |
  +--+--+--+--+--+--+--+--+--+--+
5 |  |  |  |  |  |  |  |  |  |  |
  +--+--+--+--+--+--+--+--+--+--+
4 |  |  |  | A|  |  | a|  |  |  |
  +--+--+--+--+--+--+--+--+--+--+
3 |  |  |  |  |  |  |  |  |  |  |
  +--+--+--+--+--+--+--+--+--+--+
2 |  |  |  |  | A|  |  |  |  |  |
  +--+--+--+--+--+--+--+--+--+--+
1 |  |  |  |  |  |  |  |  |  |  |
  +--+--+--+--+--+--+--+--+--+--+
0 |  |  |  |  |  |  |  |  |  |  |
  +--+--+--+--+--+--+--+--+--+--+
   0  1  2  3  4  5  6  7  8  9
  +--+--+--+--+--+--+--+--+--+--+
9 |  |  |  |  |  |  |  |  |  |  |
  +--+--+--+--+--+--+--+--+--+--+
8 |  |  |  |  |  |  |  |  |  |  |
  +--+--+--+--+--+--+--+--+--+--+
7 |  |  |  |  |  |  |  |  |  |  |
  +--+--+--+--+--+--+--+--+--+--+
6 |  |  |  |  |  |  |  |  |  |  |
  +--+--+--+--+--+--+--+--+--+--+
5 |  |  |  |  |  |  |  |  |  |  |
  +--+--+--+--+--+--+--+--+--+--+
4 |  |  |  | A|  |  | a|  |  |  |
  +--+--+--+--+--+--+--+--+--+--+
3 |  |  |  |  |  |  |  |  |  |  |
  +--+--+--+--+--+--+--+--+--+--+
2 |  |  |  | A|  |  |  |  |  |  |
  +--+--+--+--+--+--+--+--+--+--+
1 |  |  |  |  |  |  |  |  |  |  |
  +--+--+--+--+--+--+--+--+--+--+
0 |  |  |  |  |  |  |  |  |  |  |
  +--+--+--+--+--+--+--+--+--+--+
   0  1  2  3  4  5  6  7  8  9
  +--+--+--+--+--+--+--+--+--+--+
9 |  |  |  |  |  |  |  |  |  |  |
  +--+--+--+--+--+--+--+--+--+--+
8 |  |  |  |  |  |  |  |  |  |  |
  +--+--+--+--+--+--+--+--+--+--+
7 |  |  |  |  |  |  |  |  |  |  |
  +--+--+--+--+--+--+--+--+--+--+
6 |  |  |  |  |  |  |  |  |  |  |
  +--+--+--+--+--+--+--+--+--+--+
5 |  |  |  |  |  |  |  |  |  |  |
  +--+--+--+--+--+--+--+--+--+--+
4 |  |  |  | A|  | a|  |  |  |  |
  +--+--+--+--+--+--+--+--+--+--+
3 |  |  |  |  |  |  |  |  |  |  |
  +--+--+--+--+--+--+--+--+--+--+
2 |  |  |  | A|  |  |  |  |  |  |
  +--+--+--+--+--+--+--+--+--+--+
1 |  |  |  |  |  |  |  |  |  |  |
  +--+--+--+--+--+--+--+--+--+--+
0 |  |  |  |  |  |  |  |  |  |  |
  +--+--+--+--+--+--+--+--+--+--+
   0  1  2  3  4  5  6  7  8  9
  +--+--+--+--+--+--+--+--+--+--+
9 |  |  |  |  |  |  |  |  |  |  |
  +--+--+--+--+--+--+--+--+--+--+
8 |  |  |  |  |  |  |  |  |  |  |
  +--+--+--+--+--+--+--+--+--+--+
7 |  |  |  |  |  |  |  |  |  |  |
  +--+--+--+--+--+--+--+--+--+--+
6 |  |  |  |  |  |  |  |  |  |  |
  +--+--+--+--+--+--+--+--+--+--+
5 |  |  |  |  |  |  |  |  |  |  |
  +--+--+--+--+--+--+--+--+--+--+
4 |  |  |  | A| a|  |  |  |  |  |
  +--+--+--+--+--+--+--+--+--+--+
3 |  |  |  |  |  |  |  |  |  |  |
  +--+--+--+--+--+--+--+--+--+--+
2 |  |  |  | A|  |  |  |  |  |  |
  +--+--+--+--+--+--+--+--+--+--+
1 |  |  |  |  |  |  |  |  |  |  |
  +--+--+--+--+--+--+--+--+--+--+
0 |  |  |  |  |  |  |  |  |  |  |
  +--+--+--+--+--+--+--+--+--+--+
   0  1  2  3  4  5  6  7  8  9
  +--+--+--+--+--+--+--+--+--+--+
9 |  |  |  |  |  |  |  |  |  |  |
  +--+--+--+--+--+--+--+--+--+--+
8 |  |  |  |  |  |  |  |  |  |  |
  +--+--+--+--+--+--+--+--+--+--+
7 |  |  |  |  |  |  |  |  |  |  |
  +--+--+--+--+--+--+--+--+--+--+
6 |  |  |  |  |  |  |  |  |  |  |
  +--+--+--+--+--+--+--+--+--+--+
5 |  |  |  |  |  |  |  |  |  |  |
  +--+--+--+--+--+--+--+--+--+--+
4 |  |  |  |  | a|  |  |  |  |  |
  +--+--+--+--+--+--+--+--+--+--+
3 |  |  |  | A|  |  |  |  |  |  |
  +--+--+--+--+--+--+--+--+--+--+
2 |  |  |  | A|  |  |  |  |  |  |
  +--+--+--+--+--+--+--+--+--+--+
1 |  |  |  |  |  |  |  |  |  |  |
  +--+--+--+--+--+--+--+--+--+--+
0 |  |  |  |  |  |  |  |  |  |  |
  +--+--+--+--+--+--+--+--+--+--+
   0  1  2  3  4  5  6  7  8  9
  +--+--+--+--+--+--+--+--+--+--+
9 |  |  |  |  |  |  |  |  |  |  |
  +--+--+--+--+--+--+--+--+--+--+
8 |  |  |  |  |  |  |  |  |  |  |
  +--+--+--+--+--+--+--+--+--+--+
7 |  |  |  |  |  |  |  |  |  |  |
  +--+--+--+--+--+--+--+--+--+--+
6 |  |  |  |  |  |  |  |  |  |  |
  +--+--+--+--+--+--+--+--+--+--+
5 |  |  |  |  |  |  |  |  |  |  |
  +--+--+--+--+--+--+--+--+--+--+
4 |  |  |  |  | a|  |  |  |  |  |
  +--+--+--+--+--+--+--+--+--+--+
3 |  |  | A|  |  |  |  |  |  |  |
  +--+--+--+--+--+--+--+--+--+--+
2 |  |  |  | A|  |  |  |  |  |  |
  +--+--+--+--+--+--+--+--+--+--+
1 |  |  |  |  |  |  |  |  |  |  |
  +--+--+--+--+--+--+--+--+--+--+
0 |  |  |  |  |  |  |  |  |  |  |
  +--+--+--+--+--+--+--+--+--+--+
   0  1  2  3  4  5  6  7  8  9
  +--+--+--+--+--+--+--+--+--+--+
9 |  |  |  |  |  |  |  |  |  |  |
  +--+--+--+--+--+--+--+--+--+--+
8 |  |  |  |  |  |  |  |  |  |  |
  +--+--+--+--+--+--+--+--+--+--+
7 |  |  |  |  |  |  |  |  |  |  |
  +--+--+--+--+--+--+--+--+--+--+
6 |  |  |  |  |  |  |  |  |  |  |
  +--+--+--+--+--+--+--+--+--+--+
5 |  |  |  |  |  |  |  |  |  |  |
  +--+--+--+--+--+--+--+--+--+--+
4 |  |  |  |  |  |  |  |  |  |  |
  +--+--+--+--+--+--+--+--+--+--+
3 |  |  | A|  | a|  |  |  |  |  |
  +--+--+--+--+--+--+--+--+--+--+
2 |  |  |  | A|  |  |  |  |  |  |
  +--+--+--+--+--+--+--+--+--+--+
1 |  |  |  |  |  |  |  |  |  |  |
  +--+--+--+--+--+--+--+--+--+--+
0 |  |  |  |  |  |  |  |  |  |  |
  +--+--+--+--+--+--+--+--+--+--+
   0  1  2  3  4  5  6  7  8  9
  +--+--+--+--+--+--+--+--+--+--+
9 |  |  |  |  |  |  |  |  |  |  |
  +--+--+--+--+--+--+--+--+--+--+
8 |  |  |  |  |  |  |  |  |  |  |
  +--+--+--+--+--+--+--+--+--+--+
7 |  |  |  |  |  |  |  |  |  |  |
  +--+--+--+--+--+--+--+--+--+--+
6 |  |  |  |  |  |  |  |  |  |  |
  +--+--+--+--+--+--+--+--+--+--+
5 |  |  |  |  |  |  |  |  |  |  |
  +--+--+--+--+--+--+--+--+--+--+
4 |  |  |  |  |  |  |  |  |  |  |
  +--+--+--+--+--+--+--+--+--+--+
3 |  |  | A|  |  |  |  |  |  |  |
  +--+--+--+--+--+--+--+--+--+--+
2 |  |  |  | A| a|  |  |  |  |  |
  +--+--+--+--+--+--+--+--+--+--+
1 |  |  |  |  |  |  |  |  |  |  |
  +--+--+--+--+--+--+--+--+--+--+
0 |  |  |  |  |  |  |  |  |  |  |
  +--+--+--+--+--+--+--+--+--+--+
   0  1  2  3  4  5  6  7  8  9
  +--+--+--+--+--+--+--+--+--+--+
9 |  |  |  |  |  |  |  |  |  |  |
  +--+--+--+--+--+--+--+--+--+--+
8 |  |  |  |  |  |  |  |  |  |  |
  +--+--+--+--+--+--+--+--+--+--+
7 |  |  |  |  |  |  |  |  |  |  |
  +--+--+--+--+--+--+--+--+--+--+
6 |  |  |  |  |  |  |  |  |  |  |
  +--+--+--+--+--+--+--+--+--+--+
5 |  |  |  |  |  |  |  |  |  |  |
  +--+--+--+--+--+--+--+--+--+--+
4 |  |  |  |  |  |  |  |  |  |  |
  +--+--+--+--+--+--+--+--+--+--+
3 |  |  | A|  |  |  |  |  |  |  |
  +--+--+--+--+--+--+--+--+--+--+
2 |  |  |  |  | a|  |  |  |  |  |
  +--+--+--+--+--+--+--+--+--+--+
1 |  |  |  | A|  |  |  |  |  |  |
  +--+--+--+--+--+--+--+--+--+--+
0 |  |  |  |  |  |  |  |  |  |  |
  +--+--+--+--+--+--+--+--+--+--+
   0  1  2  3  4  5  6  7  8  9
  +--+--+--+--+--+--+--+--+--+--+
9 |  |  |  |  |  |  |  |  |  |  |
  +--+--+--+--+--+--+--+--+--+--+
8 |  |  |  |  |  |  |  |  |  |  |
  +--+--+--+--+--+--+--+--+--+--+
7 |  |  |  |  |  |  |  |  |  |  |
  +--+--+--+--+--+--+--+--+--+--+
6 |  |  |  |  |  |  |  |  |  |  |
  +--+--+--+--+--+--+--+--+--+--+
5 |  |  |  |  |  |  |  |  |  |  |
  +--+--+--+--+--+--+--+--+--+--+
4 |  |  |  |  |  |  |  |  |  |  |
  +--+--+--+--+--+--+--+--+--+--+
3 |  |  | A|  |  |  |  |  |  |  |
  +--+--+--+--+--+--+--+--+--+--+
2 |  |  |  |  | a|  |  |  |  |  |
  +--+--+--+--+--+--+--+--+--+--+
1 |  |  |  |  |  |  |  |  |  |  |
  +--+--+--+--+--+--+--+--+--+--+
0 |  |  |  | A|  |  |  |  |  |  |
  +--+--+--+--+--+--+--+--+--+--+
   0  1  2  3  4  5  6  7  8  9
  +--+--+--+--+--+--+--+--+--+--+
9 |  |  |  |  |  |  |  |  |  |  |
  +--+--+--+--+--+--+--+--+--+--+
8 |  |  |  |  |  |  |  |  |  |  |
  +--+--+--+--+--+--+--+--+--+--+
7 |  |  |  |  |  |  |  |  |  |  |
  +--+--+--+--+--+--+--+--+--+--+
6 |  |  |  |  |  |  |  |  |  |  |
  +--+--+--+--+--+--+--+--+--+--+
5 |  |  |  |  |  |  |  |  |  |  |
  +--+--+--+--+--+--+--+--+--+--+
4 |  |  |  |  |  |  |  |  |  |  |
  +--+--+--+--+--+--+--+--+--+--+
3 |  |  | A|  |  |  |  |  |  |  |
  +--+--+--+--+--+--+--+--+--+--+
2 |  |  |  | a|  |  |  |  |  |  |
  +--+--+--+--+--+--+--+--+--+--+
1 |  |  |  |  |  |  |  |  |  |  |
  +--+--+--+--+--+--+--+--+--+--+
0 |  |  |  | A|  |  |  |  |  |  |
  +--+--+--+--+--+--+--+--+--+--+
   0  1  2  3  4  5  6  7  8  9
  +--+--+--+--+--+--+--+--+--+--+
9 |  |  |  |  |  |  |  |  |  |  |
  +--+--+--+--+--+--+--+--+--+--+
8 |  |  |  |  |  |  |  |  |  |  |
  +--+--+--+--+--+--+--+--+--+--+
7 |  |  |  |  |  |  |  |  |  |  |
  +--+--+--+--+--+--+--+--+--+--+
6 |  |  |  |  |  |  |  |  |  |  |
  +--+--+--+--+--+--+--+--+--+--+
5 |  |  |  |  |  |  |  |  |  |  |
  +--+--+--+--+--+--+--+--+--+--+
4 |  |  |  |  |  |  |  |  |  |  |
  +--+--+--+--+--+--+--+--+--+--+
3 |  |  | A|  |  |  |  |  |  |  |
  +--+--+--+--+--+--+--+--+--+--+
2 |  |  | a|  |  |  |  |  |  |  |
  +--+--+--+--+--+--+--+--+--+--+
1 |  |  |  |  |  |  |  |  |  |  |
  +--+--+--+--+--+--+--+--+--+--+
0 |  |  |  | A|  |  |  |  |  |  |
  +--+--+--+--+--+--+--+--+--+--+
   0  1  2  3  4  5  6  7  8  9
  +--+--+--+--+--+--+--+--+--+--+
9 |  |  |  |  |  |  |  |  |  |  |
  +--+--+--+--+--+--+--+--+--+--+
8 |  |  |  |  |  |  |  |  |  |  |
  +--+--+--+--+--+--+--+--+--+--+
7 |  |  |  |  |  |  |  |  |  |  |
  +--+--+--+--+--+--+--+--+--+--+
6 |  |  |  |  |  |  |  |  |  |  |
  +--+--+--+--+--+--+--+--+--+--+
5 |  |  |  |  |  |  |  |  |  |  |
  +--+--+--+--+--+--+--+--+--+--+
4 |  |  |  |  |  |  |  |  |  |  |
  +--+--+--+--+--+--+--+--+--+--+
3 |  | A|  |  |  |  |  |  |  |  |
  +--+--+--+--+--+--+--+--+--+--+
2 |  |  | a|  |  |  |  |  |  |  |
  +--+--+--+--+--+--+--+--+--+--+
1 |  |  |  |  |  |  |  |  |  |  |
  +--+--+--+--+--+--+--+--+--+--+
0 |  |  |  | A|  |  |  |  |  |  |
  +--+--+--+--+--+--+--+--+--+--+
   0  1  2  3  4  5  6  7  8  9
  +--+--+--+--+--+--+--+--+--+--+
9 |  |  |  |  |  |  |  |  |  |  |
  +--+--+--+--+--+--+--+--+--+--+
8 |  |  |  |  |  |  |  |  |  |  |
  +--+--+--+--+--+--+--+--+--+--+
7 |  |  |  |  |  |  |  |  |  |  |
  +--+--+--+--+--+--+--+--+--+--+
6 |  |  |  |  |  |  |  |  |  |  |
  +--+--+--+--+--+--+--+--+--+--+
5 |  |  |  |  |  |  |  |  |  |  |
  +--+--+--+--+--+--+--+--+--+--+
4 |  |  |  |  |  |  |  |  |  |  |
  +--+--+--+--+--+--+--+--+--+--+
3 | A|  |  |  |  |  |  |  |  |  |
  +--+--+--+--+--+--+--+--+--+--+
2 |  |  | a|  |  |  |  |  |  |  |
  +--+--+--+--+--+--+--+--+--+--+
1 |  |  |  |  |  |  |  |  |  |  |
  +--+--+--+--+--+--+--+--+--+--+
0 |  |  |  | A|  |  |  |  |  |  |
  +--+--+--+--+--+--+--+--+--+--+
   0  1  2  3  4  5  6  7  8  9
  +--+--+--+--+--+--+--+--+--+--+
9 |  |  |  |  |  |  |  |  |  |  |
  +--+--+--+--+--+--+--+--+--+--+
8 |  |  |  |  |  |  |  |  |  |  |
  +--+--+--+--+--+--+--+--+--+--+
7 |  |  |  |  |  |  |  |  |  |  |
  +--+--+--+--+--+--+--+--+--+--+
6 |  |  |  |  |  |  |  |  |  |  |
  +--+--+--+--+--+--+--+--+--+--+
5 |  |  |  |  |  |  |  |  |  |  |
  +--+--+--+--+--+--+--+--+--+--+
4 |  |  |  |  |  |  |  |  |  |  |
  +--+--+--+--+--+--+--+--+--+--+
3 | A|  |  |  |  |  |  |  |  |  |
  +--+--+--+--+--+--+--+--+--+--+
2 |  |  |  |  |  |  |  |  |  |  |
  +--+--+--+--+--+--+--+--+--+--+
1 |  |  | a|  |  |  |  |  |  |  |
  +--+--+--+--+--+--+--+--+--+--+
0 |  |  |  | A|  |  |  |  |  |  |
  +--+--+--+--+--+--+--+--+--+--+
   0  1  2  3  4  5  6  7  8  9
  +--+--+--+--+--+--+--+--+--+--+
9 |  |  |  |  |  |  |  |  |  |  |
  +--+--+--+--+--+--+--+--+--+--+
8 |  |  |  |  |  |  |  |  |  |  |
  +--+--+--+--+--+--+--+--+--+--+
7 |  |  |  |  |  |  |  |  |  |  |
  +--+--+--+--+--+--+--+--+--+--+
6 |  |  |  |  |  |  |  |  |  |  |
  +--+--+--+--+--+--+--+--+--+--+
5 |  |  |  |  |  |  |  |  |  |  |
  +--+--+--+--+--+--+--+--+--+--+
4 |  |  |  |  |  |  |  |  |  |  |
  +--+--+--+--+--+--+--+--+--+--+
3 | A|  |  |  |  |  |  |  |  |  |
  +--+--+--+--+--+--+--+--+--+--+
2 |  |  |  |  |  |  |  |  |  |  |
  +--+--+--+--+--+--+--+--+--+--+
1 |  | a|  |  |  |  |  |  |  |  |
  +--+--+--+--+--+--+--+--+--+--+
0 |  |  |  | A|  |  |  |  |  |  |
  +--+--+--+--+--+--+--+--+--+--+
   0  1  2  3  4  5  6  7  8  9
  +--+--+--+--+--+--+--+--+--+--+
9 |  |  |  |  |  |  |  |  |  |  |
  +--+--+--+--+--+--+--+--+--+--+
8 |  |  |  |  |  |  |  |  |  |  |
  +--+--+--+--+--+--+--+--+--+--+
7 |  |  |  |  |  |  |  |  |  |  |
  +--+--+--+--+--+--+--+--+--+--+
6 |  |  |  |  |  |  |  |  |  |  |
  +--+--+--+--+--+--+--+--+--+--+
5 |  |  |  |  |  |  |  |  |  |  |
  +--+--+--+--+--+--+--+--+--+--+
4 |  |  |  |  |  |  |  |  |  |  |
  +--+--+--+--+--+--+--+--+--+--+
3 | A|  |  |  |  |  |  |  |  |  |
  +--+--+--+--+--+--+--+--+--+--+
2 |  |  |  |  |  |  |  |  |  |  |
  +--+--+--+--+--+--+--+--+--+--+
1 |  | a|  |  |  |  |  |  |  |  |
  +--+--+--+--+--+--+--+--+--+--+
0 |  |  | A|  |  |  |  |  |  |  |
  +--+--+--+--+--+--+--+--+--+--+
   0  1  2  3  4  5  6  7  8  9
  +--+--+--+--+--+--+--+--+--+--+
9 |  |  |  |  |  |  |  |  |  |  |
  +--+--+--+--+--+--+--+--+--+--+
8 |  |  |  |  |  |  |  |  |  |  |
  +--+--+--+--+--+--+--+--+--+--+
7 |  |  |  |  |  |  |  |  |  |  |
  +--+--+--+--+--+--+--+--+--+--+
6 |  |  |  |  |  |  |  |  |  |  |
  +--+--+--+--+--+--+--+--+--+--+
5 |  |  |  |  |  |  |  |  |  |  |
  +--+--+--+--+--+--+--+--+--+--+
4 |  |  |  |  |  |  |  |  |  |  |
  +--+--+--+--+--+--+--+--+--+--+
3 | A|  |  |  |  |  |  |  |  |  |
  +--+--+--+--+--+--+--+--+--+--+
2 |  |  |  |  |  |  |  |  |  |  |
  +--+--+--+--+--+--+--+--+--+--+
1 |  | a|  |  |  |  |  |  |  |  |
  +--+--+--+--+--+--+--+--+--+--+
0 |  | A|  |  |  |  |  |  |  |  |
  +--+--+--+--+--+--+--+--+--+--+
   0  1  2  3  4  5  6  7  8  9
  +--+--+--+--+--+--+--+--+--+--+
9 |  |  |  |  |  |  |  |  |  |  |
  +--+--+--+--+--+--+--+--+--+--+
8 |  |  |  |  |  |  |  |  |  |  |
  +--+--+--+--+--+--+--+--+--+--+
7 |  |  |  |  |  |  |  |  |  |  |
  +--+--+--+--+--+--+--+--+--+--+
6 |  |  |  |  |  |  |  |  |  |  |
  +--+--+--+--+--+--+--+--+--+--+
5 |  |  |  |  |  |  |  |  |  |  |
  +--+--+--+--+--+--+--+--+--+--+
4 |  |  |  |  |  |  |  |  |  |  |
  +--+--+--+--+--+--+--+--+--+--+
3 | A|  |  |  |  |  |  |  |  |  |
  +--+--+--+--+--+--+--+--+--+--+
2 |  |  |  |  |  |  |  |  |  |  |
  +--+--+--+--+--+--+--+--+--+--+
1 | a|  |  |  |  |  |  |  |  |  |
  +--+--+--+--+--+--+--+--+--+--+
0 |  | A|  |  |  |  |  |  |  |  |
  +--+--+--+--+--+--+--+--+--+--+
   0  1  2  3  4  5  6  7  8  9
  +--+--+--+--+--+--+--+--+--+--+
9 |  |  |  |  |  |  |  |  |  |  |
  +--+--+--+--+--+--+--+--+--+--+
8 |  |  |  |  |  |  |  |  |  |  |
  +--+--+--+--+--+--+--+--+--+--+
7 |  |  |  |  |  |  |  |  |  |  |
  +--+--+--+--+--+--+--+--+--+--+
6 |  |  |  |  |  |  |  |  |  |  |
  +--+--+--+--+--+--+--+--+--+--+
5 |  |  |  |  |  |  |  |  |  |  |
  +--+--+--+--+--+--+--+--+--+--+
4 |  |  |  |  |  |  |  |  |  |  |
  +--+--+--+--+--+--+--+--+--+--+
3 | A|  |  |  |  |  |  |  |  |  |
  +--+--+--+--+--+--+--+--+--+--+
2 |  |  |  |  |  |  |  |  |  |  |
  +--+--+--+--+--+--+--+--+--+--+
1 |  |  |  |  |  |  |  |  |  |  |
  +--+--+--+--+--+--+--+--+--+--+
0 | a| A|  |  |  |  |  |  |  |  |
  +--+--+--+--+--+--+--+--+--+--+
   0  1  2  3  4  5  6  7  8  9
  +--+--+--+--+--+--+--+--+--+--+
9 |  |  |  |  |  |  |  |  |  |  |
  +--+--+--+--+--+--+--+--+--+--+
8 |  |  |  |  |  |  |  |  |  |  |
  +--+--+--+--+--+--+--+--+--+--+
7 |  |  |  |  |  |  |  |  |  |  |
  +--+--+--+--+--+--+--+--+--+--+
6 |  |  |  |  |  |  |  |  |  |  |
  +--+--+--+--+--+--+--+--+--+--+
5 |  |  |  |  |  |  |  |  |  |  |
  +--+--+--+--+--+--+--+--+--+--+
4 |  |  |  |  |  |  |  |  |  |  |
  +--+--+--+--+--+--+--+--+--+--+
3 |  |  |  |  |  |  |  |  |  |  |
  +--+--+--+--+--+--+--+--+--+--+
2 | A|  |  |  |  |  |  |  |  |  |
  +--+--+--+--+--+--+--+--+--+--+
1 |  |  |  |  |  |  |  |  |  |  |
  +--+--+--+--+--+--+--+--+--+--+
0 | a| A|  |  |  |  |  |  |  |  |
  +--+--+--+--+--+--+--+--+--+--+
   0  1  2  3  4  5  6  7  8  9
  +--+--+--+--+--+--+--+--+--+--+
9 |  |  |  |  |  |  |  |  |  |  |
  +--+--+--+--+--+--+--+--+--+--+
8 |  |  |  |  |  |  |  |  |  |  |
  +--+--+--+--+--+--+--+--+--+--+
7 |  |  |  |  |  |  |  |  |  |  |
  +--+--+--+--+--+--+--+--+--+--+
6 |  |  |  |  |  |  |  |  |  |  |
  +--+--+--+--+--+--+--+--+--+--+
5 |  |  |  |  |  |  |  |  |  |  |
  +--+--+--+--+--+--+--+--+--+--+
4 |  |  |  |  |  |  |  |  |  |  |
  +--+--+--+--+--+--+--+--+--+--+
3 |  |  |  |  |  |  |  |  |  |  |
  +--+--+--+--+--+--+--+--+--+--+
2 |  |  |  |  |  |  |  |  |  |  |
  +--+--+--+--+--+--+--+--+--+--+
1 | A|  |  |  |  |  |  |  |  |  |
  +--+--+--+--+--+--+--+--+--+--+
0 | a| A|  |  |  |  |  |  |  |  |
  +--+--+--+--+--+--+--+--+--+--+
Light loses
